[pytest]
addopts = -rsxX -l --tb=short --strict
norecursedirs = testdev
markers:
   marker: описание